<html>
<body>
<pre>
<h1>µVision Build Log</h1>
<h2>Tool Versions:</h2>
IDE-Version: ¶ÃVision V5.25.3.0
Copyright (C) 2018 ARM Ltd and ARM Germany GmbH. All rights reserved.
License Information: sheng 2910294488@qq.com, ye, LIC=50DZ9-4FXUN-MR9XP-MW0E9-XXRRM-FJU9K
 
Tool Versions:
Toolchain:       MDK-ARM Professional  Version: 5.18
Toolchain Path:  D:\keil\ARM\ARMCC\Bin
C Compiler:      Armcc.exe V5.06 update 1 (build 61)
Assembler:       Armasm.exe V5.06 update 1 (build 61)
Linker/Locator:  ArmLink.exe V5.06 update 1 (build 61)
Library Manager: ArmAr.exe V5.06 update 1 (build 61)
Hex Converter:   FromElf.exe V5.06 update 1 (build 61)
CPU DLL:         SARMCM3.DLL V5.18
Dialog DLL:      DCM.DLL V1.13.6.0
Target DLL:      UL2CM3.DLL V1.157.5.0
Dialog DLL:      TCM.DLL V1.14.8.0
 
<h2>Project:</h2>
c:\Users\29102\Desktop\stm32\1\stm32f407_CODE\USER\project_car\project_car.uvprojx
Project File Date:  06/01/2023

<h2>Output:</h2>
*** Using Compiler 'V5.06 update 1 (build 61)', folder: 'D:\keil\ARM\ARMCC\Bin'
Build target 'Target 1'
compiling bluetooth.c...
src\motor.h(10): warning:  #1-D: last line of file ends without a newline
  #endif
src\usart_PC.h(8): warning:  #1-D: last line of file ends without a newline
  #endif
src\bluetooth.c(60): warning:  #223-D: function "printf" declared implicitly
  		printf("%c\n",ch);//Â∞?‰∏?Âè?2Êî?Âà?Áö?Êï?Êç?Êâ?Âç?Âà?‰∏?Âè?1‰∏?
src\bluetooth.c(73): warning:  #223-D: function "beep_on" declared implicitly
  		if(ch == '7') beep_on();
src\bluetooth.c(74): warning:  #223-D: function "beep_off" declared implicitly
  		if(ch == '8') beep_off();
src\bluetooth.c(75): warning:  #223-D: function "led_on" declared implicitly
  		if(ch == '9') led_on();
src\bluetooth.c(76): warning:  #223-D: function "led_off" declared implicitly
  		if(ch == '0') led_off();
src\bluetooth.c(90): warning:  #1-D: last line of file ends without a newline
  }
src\bluetooth.c: 8 warnings, 0 errors
linking...
Program Size: Code=3496 RO-data=424 RW-data=20 ZI-data=1028  
FromELF: creating hex file...
".\project_car.axf" - 0 Error(s), 8 Warning(s).

<h2>Software Packages used:</h2>

Package Vendor: Keil
                http://www.keil.com/pack/Keil.STM32F4xx_DFP.2.13.0.pack
                Keil.STM32F4xx_DFP.2.13.0
                STMicroelectronics STM32F4 Series Device Support, Drivers and Examples

<h2>Collection of Component include folders:</h2>
  .\RTE\_Target_1
  D:\keil\ARM\PACK\Keil\STM32F4xx_DFP\2.13.0\Drivers\CMSIS\Device\ST\STM32F4xx\Include

<h2>Collection of Component Files used:</h2>
Build Time Elapsed:  00:00:02
</pre>
</body>
</html>
